// Jest Snapshot v1, https://goo.gl/fbAQLP

exports[`ArticleList 1`] = `
<section
  className="articleList"
>
  <article
    className="articlePartial"
    key="article-1"
  >
    <Card>
      <header>
        <h3>
          <Link
            to="/article-1"
          >
            Article one
          </Link>
        </h3>
      </header>
      <div
        className="articleContent"
      >
        <p>
          This is an excerpt
        </p>
      </div>
    </Card>
  </article>
  <article
    className="articlePartial"
    key="article-2"
  >
    <Card>
      <header>
        <h3>
          <Link
            to="/article-2"
          >
            Article two
          </Link>
        </h3>
      </header>
      <div
        className="articleContent"
      >
        <p>
          This is an excerpt
        </p>
      </div>
    </Card>
  </article>
</section>
`;
