// Jest Snapshot v1, https://goo.gl/fbAQLP

exports[`BodyHeader 1`] = `
<header
  className="bodyHeader"
>
  <BodyHeaderContent />
</header>
`;
